// Validating benchmarks:
// ***** BenchmarkRunner: Start   *****
// ***** Found 3 benchmark(s) in total *****
// ***** Building 1 exe(s) in Parallel: Start   *****
// start dotnet  restore /p:UseSharedCompilation=false /p:BuildInParallel=false /m:1 /p:Deterministic=true /p:Optimize=true /p:IntermediateOutputPath="D:\Users\Ye_Luo\AppData\Local\Context\benchmarks\ContextCore.Benchmarks\bin\Release\net10.0\dae6ba2a-5e4f-461e-b208-006e58eda0e6\obj\Release\net10.0/" /p:OutDir="D:\Users\Ye_Luo\AppData\Local\Context\benchmarks\ContextCore.Benchmarks\bin\Release\net10.0\dae6ba2a-5e4f-461e-b208-006e58eda0e6\bin\Release\net10.0/" /p:OutputPath="D:\Users\Ye_Luo\AppData\Local\Context\benchmarks\ContextCore.Benchmarks\bin\Release\net10.0\dae6ba2a-5e4f-461e-b208-006e58eda0e6\bin\Release\net10.0/" in D:\Users\Ye_Luo\AppData\Local\Context\benchmarks\ContextCore.Benchmarks\bin\Release\net10.0\dae6ba2a-5e4f-461e-b208-006e58eda0e6
// command took 3.33 sec and exited with 0
// start dotnet  build -c Release --no-restore /p:UseSharedCompilation=false /p:BuildInParallel=false /m:1 /p:Deterministic=true /p:Optimize=true /p:IntermediateOutputPath="D:\Users\Ye_Luo\AppData\Local\Context\benchmarks\ContextCore.Benchmarks\bin\Release\net10.0\dae6ba2a-5e4f-461e-b208-006e58eda0e6\obj\Release\net10.0/" /p:OutDir="D:\Users\Ye_Luo\AppData\Local\Context\benchmarks\ContextCore.Benchmarks\bin\Release\net10.0\dae6ba2a-5e4f-461e-b208-006e58eda0e6\bin\Release\net10.0/" /p:OutputPath="D:\Users\Ye_Luo\AppData\Local\Context\benchmarks\ContextCore.Benchmarks\bin\Release\net10.0\dae6ba2a-5e4f-461e-b208-006e58eda0e6\bin\Release\net10.0/" --output "D:\Users\Ye_Luo\AppData\Local\Context\benchmarks\ContextCore.Benchmarks\bin\Release\net10.0\dae6ba2a-5e4f-461e-b208-006e58eda0e6\bin\Release\net10.0/" in D:\Users\Ye_Luo\AppData\Local\Context\benchmarks\ContextCore.Benchmarks\bin\Release\net10.0\dae6ba2a-5e4f-461e-b208-006e58eda0e6
// command took 16.78 sec and exited with 0
// ***** Done, took 00:00:20 (20.36 sec)   *****
// Found 3 benchmarks:
//   ClosureGateBenchmarks.V2Retrieval_100Percent: Job-QBEOHD(IterationCount=1, LaunchCount=1, WarmupCount=1) [ItemCount=10]
//   ClosureGateBenchmarks.V2Retrieval_100Percent: Job-QBEOHD(IterationCount=1, LaunchCount=1, WarmupCount=1) [ItemCount=50]
//   ClosureGateBenchmarks.V2Retrieval_100Percent: Job-QBEOHD(IterationCount=1, LaunchCount=1, WarmupCount=1) [ItemCount=200]

Setup power plan (GUID: 8c5e7fda-e8bf-4a96-9a85-a6e23a8c635c FriendlyName: 高性能)
// **************************
// Benchmark: ClosureGateBenchmarks.V2Retrieval_100Percent: Job-QBEOHD(IterationCount=1, LaunchCount=1, WarmupCount=1) [ItemCount=10]
// *** Execute ***
// Launch: 1 / 1
// Execute: dotnet dae6ba2a-5e4f-461e-b208-006e58eda0e6.dll --anonymousPipes 4324 6868 --benchmarkName "ContextCore.Benchmarks.ClosureGateBenchmarks.V2Retrieval_100Percent(ItemCount: 10)" --job "IterationCount=1, LaunchCount=1, WarmupCount=1" --benchmarkId 0 in D:\Users\Ye_Luo\AppData\Local\Context\benchmarks\ContextCore.Benchmarks\bin\Release\net10.0\dae6ba2a-5e4f-461e-b208-006e58eda0e6\bin\Release\net10.0
// BeforeAnythingElse

// Benchmark Process Environment Information:
// BenchmarkDotNet v0.14.0
// Runtime=.NET 10.0.9 (10.0.926.27113), X64 RyuJIT AVX-512F+CD+BW+DQ+VL+VBMI
// GC=Concurrent Workstation
// HardwareIntrinsics=AVX-512F+CD+BW+DQ+VL+VBMI,AES,BMI1,BMI2,FMA,LZCNT,PCLMUL,POPCNT VectorSize=256
// Job: Job-PHSHGD(IterationCount=1, LaunchCount=1, WarmupCount=1)

OverheadJitting  1: 1 op, 218700.00 ns, 218.7000 us/op
WorkloadJitting  1: 1 op, 63763000.00 ns, 63.7630 ms/op

WorkloadPilot    1: 2 op, 1264700.00 ns, 632.3500 us/op
WorkloadPilot    2: 3 op, 1962100.00 ns, 654.0333 us/op
WorkloadPilot    3: 4 op, 2003300.00 ns, 500.8250 us/op
WorkloadPilot    4: 5 op, 2246100.00 ns, 449.2200 us/op
WorkloadPilot    5: 6 op, 3141100.00 ns, 523.5167 us/op
WorkloadPilot    6: 7 op, 3157700.00 ns, 451.1000 us/op
WorkloadPilot    7: 8 op, 4714400.00 ns, 589.3000 us/op
WorkloadPilot    8: 9 op, 4439600.00 ns, 493.2889 us/op
WorkloadPilot    9: 10 op, 4607500.00 ns, 460.7500 us/op
WorkloadPilot   10: 11 op, 6094100.00 ns, 554.0091 us/op
WorkloadPilot   11: 12 op, 7606100.00 ns, 633.8417 us/op
WorkloadPilot   12: 13 op, 7345400.00 ns, 565.0308 us/op
WorkloadPilot   13: 14 op, 7658300.00 ns, 547.0214 us/op
WorkloadPilot   14: 15 op, 8908500.00 ns, 593.9000 us/op
WorkloadPilot   15: 16 op, 8722300.00 ns, 545.1438 us/op
WorkloadPilot   16: 32 op, 18046700.00 ns, 563.9594 us/op
WorkloadPilot   17: 64 op, 37516700.00 ns, 586.1984 us/op
WorkloadPilot   18: 128 op, 82083700.00 ns, 641.2789 us/op
WorkloadPilot   19: 256 op, 158321300.00 ns, 618.4426 us/op
WorkloadPilot   20: 512 op, 324747400.00 ns, 634.2723 us/op
WorkloadPilot   21: 1024 op, 552624900.00 ns, 539.6728 us/op

WorkloadWarmup   1: 1024 op, 489938100.00 ns, 478.4552 us/op

// BeforeActualRun
WorkloadActual   1: 1024 op, 454232700.00 ns, 443.5866 us/op

// AfterActualRun
WorkloadResult   1: 1024 op, 454232700.00 ns, 443.5866 us/op
// GC:  19 1 0 161858464 1024
// Threading:  0 0 1024

// AfterAll
// Benchmark Process 18716 has exited with code 0.

Mean = 443.587 μs, StdErr = 0.000 μs (0.00%), N = 1, StdDev = 0.000 μs
Min = 443.587 μs, Q1 = 443.587 μs, Median = 443.587 μs, Q3 = 443.587 μs, Max = 443.587 μs
IQR = 0.000 μs, LowerFence = 443.587 μs, UpperFence = 443.587 μs
ConfidenceInterval = [NaN μs; NaN μs] (CI 99.9%), Margin = NaN μs (NaN% of Mean)
Skewness = NaN, Kurtosis = NaN, MValue = 2

// ** Remained 2 (66.7%) benchmark(s) to run. Estimated finish 2026-07-23 21:27 (0h 0m from now) **
Setup power plan (GUID: 8c5e7fda-e8bf-4a96-9a85-a6e23a8c635c FriendlyName: 高性能)
// **************************
// Benchmark: ClosureGateBenchmarks.V2Retrieval_100Percent: Job-QBEOHD(IterationCount=1, LaunchCount=1, WarmupCount=1) [ItemCount=50]
// *** Execute ***
// Launch: 1 / 1
// Execute: dotnet dae6ba2a-5e4f-461e-b208-006e58eda0e6.dll --anonymousPipes 3548 4756 --benchmarkName "ContextCore.Benchmarks.ClosureGateBenchmarks.V2Retrieval_100Percent(ItemCount: 50)" --job "IterationCount=1, LaunchCount=1, WarmupCount=1" --benchmarkId 1 in D:\Users\Ye_Luo\AppData\Local\Context\benchmarks\ContextCore.Benchmarks\bin\Release\net10.0\dae6ba2a-5e4f-461e-b208-006e58eda0e6\bin\Release\net10.0
// BeforeAnythingElse

// Benchmark Process Environment Information:
// BenchmarkDotNet v0.14.0
// Runtime=.NET 10.0.9 (10.0.926.27113), X64 RyuJIT AVX-512F+CD+BW+DQ+VL+VBMI
// GC=Concurrent Workstation
// HardwareIntrinsics=AVX-512F+CD+BW+DQ+VL+VBMI,AES,BMI1,BMI2,FMA,LZCNT,PCLMUL,POPCNT VectorSize=256
// Job: Job-IEBQPB(IterationCount=1, LaunchCount=1, WarmupCount=1)

OverheadJitting  1: 1 op, 277800.00 ns, 277.8000 us/op
WorkloadJitting  1: 1 op, 71691100.00 ns, 71.6911 ms/op

WorkloadPilot    1: 2 op, 1803400.00 ns, 901.7000 us/op
WorkloadPilot    2: 3 op, 2107300.00 ns, 702.4333 us/op
WorkloadPilot    3: 4 op, 3106300.00 ns, 776.5750 us/op
WorkloadPilot    4: 5 op, 3722800.00 ns, 744.5600 us/op
WorkloadPilot    5: 6 op, 4789100.00 ns, 798.1833 us/op
WorkloadPilot    6: 7 op, 5397500.00 ns, 771.0714 us/op
WorkloadPilot    7: 8 op, 5857100.00 ns, 732.1375 us/op
WorkloadPilot    8: 9 op, 6059500.00 ns, 673.2778 us/op
WorkloadPilot    9: 10 op, 7576800.00 ns, 757.6800 us/op
WorkloadPilot   10: 11 op, 7808300.00 ns, 709.8455 us/op
WorkloadPilot   11: 12 op, 8583300.00 ns, 715.2750 us/op
WorkloadPilot   12: 13 op, 9860300.00 ns, 758.4846 us/op
WorkloadPilot   13: 14 op, 10159200.00 ns, 725.6571 us/op
WorkloadPilot   14: 15 op, 10792600.00 ns, 719.5067 us/op
WorkloadPilot   15: 16 op, 11526000.00 ns, 720.3750 us/op
WorkloadPilot   16: 32 op, 29103500.00 ns, 909.4844 us/op
WorkloadPilot   17: 64 op, 66746600.00 ns, 1.0429 ms/op
WorkloadPilot   18: 128 op, 129296900.00 ns, 1.0101 ms/op
WorkloadPilot   19: 256 op, 256184000.00 ns, 1.0007 ms/op
WorkloadPilot   20: 512 op, 483910900.00 ns, 945.1385 us/op
WorkloadPilot   21: 1024 op, 636949600.00 ns, 622.0211 us/op

WorkloadWarmup   1: 1024 op, 586579400.00 ns, 572.8314 us/op

// BeforeActualRun
WorkloadActual   1: 1024 op, 531424100.00 ns, 518.9688 us/op

// AfterActualRun
WorkloadResult   1: 1024 op, 531424100.00 ns, 518.9688 us/op
// GC:  27 2 0 230720224 1024
// Threading:  0 0 1024

// AfterAll
// Benchmark Process 43508 has exited with code 0.

Mean = 518.969 μs, StdErr = 0.000 μs (0.00%), N = 1, StdDev = 0.000 μs
Min = 518.969 μs, Q1 = 518.969 μs, Median = 518.969 μs, Q3 = 518.969 μs, Max = 518.969 μs
IQR = 0.000 μs, LowerFence = 518.969 μs, UpperFence = 518.969 μs
ConfidenceInterval = [NaN μs; NaN μs] (CI 99.9%), Margin = NaN μs (NaN% of Mean)
Skewness = NaN, Kurtosis = NaN, MValue = 2

// ** Remained 1 (33.3%) benchmark(s) to run. Estimated finish 2026-07-23 21:27 (0h 0m from now) **
Setup power plan (GUID: 8c5e7fda-e8bf-4a96-9a85-a6e23a8c635c FriendlyName: 高性能)
// **************************
// Benchmark: ClosureGateBenchmarks.V2Retrieval_100Percent: Job-QBEOHD(IterationCount=1, LaunchCount=1, WarmupCount=1) [ItemCount=200]
// *** Execute ***
// Launch: 1 / 1
// Execute: dotnet dae6ba2a-5e4f-461e-b208-006e58eda0e6.dll --anonymousPipes 3548 4756 --benchmarkName "ContextCore.Benchmarks.ClosureGateBenchmarks.V2Retrieval_100Percent(ItemCount: 200)" --job "IterationCount=1, LaunchCount=1, WarmupCount=1" --benchmarkId 2 in D:\Users\Ye_Luo\AppData\Local\Context\benchmarks\ContextCore.Benchmarks\bin\Release\net10.0\dae6ba2a-5e4f-461e-b208-006e58eda0e6\bin\Release\net10.0
// BeforeAnythingElse

// Benchmark Process Environment Information:
// BenchmarkDotNet v0.14.0
// Runtime=.NET 10.0.9 (10.0.926.27113), X64 RyuJIT AVX-512F+CD+BW+DQ+VL+VBMI
// GC=Concurrent Workstation
// HardwareIntrinsics=AVX-512F+CD+BW+DQ+VL+VBMI,AES,BMI1,BMI2,FMA,LZCNT,PCLMUL,POPCNT VectorSize=256
// Job: Job-TKVDOW(IterationCount=1, LaunchCount=1, WarmupCount=1)

OverheadJitting  1: 1 op, 216100.00 ns, 216.1000 us/op
WorkloadJitting  1: 1 op, 63156000.00 ns, 63.1560 ms/op

WorkloadPilot    1: 2 op, 3127700.00 ns, 1.5639 ms/op
WorkloadPilot    2: 3 op, 4994800.00 ns, 1.6649 ms/op
WorkloadPilot    3: 4 op, 6139900.00 ns, 1.5350 ms/op
WorkloadPilot    4: 5 op, 7948400.00 ns, 1.5897 ms/op
WorkloadPilot    5: 6 op, 8728100.00 ns, 1.4547 ms/op
WorkloadPilot    6: 7 op, 11405100.00 ns, 1.6293 ms/op
WorkloadPilot    7: 8 op, 11896400.00 ns, 1.4871 ms/op
WorkloadPilot    8: 9 op, 14225900.00 ns, 1.5807 ms/op
WorkloadPilot    9: 10 op, 15812200.00 ns, 1.5812 ms/op
WorkloadPilot   10: 11 op, 17877600.00 ns, 1.6252 ms/op
WorkloadPilot   11: 12 op, 19061300.00 ns, 1.5884 ms/op
WorkloadPilot   12: 13 op, 20813900.00 ns, 1.6011 ms/op
WorkloadPilot   13: 14 op, 38170700.00 ns, 2.7265 ms/op
WorkloadPilot   14: 15 op, 38615100.00 ns, 2.5743 ms/op
WorkloadPilot   15: 16 op, 38032700.00 ns, 2.3770 ms/op
WorkloadPilot   16: 32 op, 87536400.00 ns, 2.7355 ms/op
WorkloadPilot   17: 64 op, 198265000.00 ns, 3.0979 ms/op
WorkloadPilot   18: 128 op, 200457000.00 ns, 1.5661 ms/op
WorkloadPilot   19: 256 op, 283692200.00 ns, 1.1082 ms/op
WorkloadPilot   20: 512 op, 511058900.00 ns, 998.1619 us/op

WorkloadWarmup   1: 512 op, 475097300.00 ns, 927.9244 us/op

// BeforeActualRun
WorkloadActual   1: 512 op, 460635700.00 ns, 899.6791 us/op

// AfterActualRun
WorkloadResult   1: 512 op, 460635700.00 ns, 899.6791 us/op
// GC:  28 2 0 235295296 512
// Threading:  0 0 512

// AfterAll
// Benchmark Process 4920 has exited with code 0.

Mean = 899.679 μs, StdErr = 0.000 μs (0.00%), N = 1, StdDev = 0.000 μs
Min = 899.679 μs, Q1 = 899.679 μs, Median = 899.679 μs, Q3 = 899.679 μs, Max = 899.679 μs
IQR = 0.000 μs, LowerFence = 899.679 μs, UpperFence = 899.679 μs
ConfidenceInterval = [NaN μs; NaN μs] (CI 99.9%), Margin = NaN μs (NaN% of Mean)
Skewness = NaN, Kurtosis = NaN, MValue = 2

// ** Remained 0 (0.0%) benchmark(s) to run. Estimated finish 2026-07-23 21:27 (0h 0m from now) **
Successfully reverted power plan (GUID: 8c5e7fda-e8bf-4a96-9a85-a6e23a8c635c FriendlyName: 高性能)
// ***** BenchmarkRunner: Finish  *****

// * Export *
  benchmarks\results\results\ContextCore.Benchmarks.ClosureGateBenchmarks-report-full.json
  benchmarks\results\results\ContextCore.Benchmarks.ClosureGateBenchmarks-report-github.md
  benchmarks\results\results\ContextCore.Benchmarks.ClosureGateBenchmarks-report.csv

// * Detailed results *
ClosureGateBenchmarks.V2Retrieval_100Percent: Job-QBEOHD(IterationCount=1, LaunchCount=1, WarmupCount=1) [ItemCount=10]
Runtime = .NET 10.0.9 (10.0.926.27113), X64 RyuJIT AVX-512F+CD+BW+DQ+VL+VBMI; GC = Concurrent Workstation
Mean = 443.587 μs, StdErr = 0.000 μs (0.00%), N = 1, StdDev = 0.000 μs
Min = 443.587 μs, Q1 = 443.587 μs, Median = 443.587 μs, Q3 = 443.587 μs, Max = 443.587 μs
IQR = 0.000 μs, LowerFence = 443.587 μs, UpperFence = 443.587 μs
ConfidenceInterval = [NaN μs; NaN μs] (CI 99.9%), Margin = NaN μs (NaN% of Mean)
Skewness = NaN, Kurtosis = NaN, MValue = 2
-------------------- Histogram --------------------
[443.586 μs ; 443.587 μs) | @
---------------------------------------------------

ClosureGateBenchmarks.V2Retrieval_100Percent: Job-QBEOHD(IterationCount=1, LaunchCount=1, WarmupCount=1) [ItemCount=50]
Runtime = .NET 10.0.9 (10.0.926.27113), X64 RyuJIT AVX-512F+CD+BW+DQ+VL+VBMI; GC = Concurrent Workstation
Mean = 518.969 μs, StdErr = 0.000 μs (0.00%), N = 1, StdDev = 0.000 μs
Min = 518.969 μs, Q1 = 518.969 μs, Median = 518.969 μs, Q3 = 518.969 μs, Max = 518.969 μs
IQR = 0.000 μs, LowerFence = 518.969 μs, UpperFence = 518.969 μs
ConfidenceInterval = [NaN μs; NaN μs] (CI 99.9%), Margin = NaN μs (NaN% of Mean)
Skewness = NaN, Kurtosis = NaN, MValue = 2
-------------------- Histogram --------------------
[518.968 μs ; 518.969 μs) | @
---------------------------------------------------

ClosureGateBenchmarks.V2Retrieval_100Percent: Job-QBEOHD(IterationCount=1, LaunchCount=1, WarmupCount=1) [ItemCount=200]
Runtime = .NET 10.0.9 (10.0.926.27113), X64 RyuJIT AVX-512F+CD+BW+DQ+VL+VBMI; GC = Concurrent Workstation
Mean = 899.679 μs, StdErr = 0.000 μs (0.00%), N = 1, StdDev = 0.000 μs
Min = 899.679 μs, Q1 = 899.679 μs, Median = 899.679 μs, Q3 = 899.679 μs, Max = 899.679 μs
IQR = 0.000 μs, LowerFence = 899.679 μs, UpperFence = 899.679 μs
ConfidenceInterval = [NaN μs; NaN μs] (CI 99.9%), Margin = NaN μs (NaN% of Mean)
Skewness = NaN, Kurtosis = NaN, MValue = 2
-------------------- Histogram --------------------
[899.679 μs ; 899.680 μs) | @
---------------------------------------------------

// * Summary *

BenchmarkDotNet v0.14.0, Windows 11 (10.0.26300.8935)
Unknown processor
.NET SDK 11.0.100-preview.6.26359.118
  [Host]     : .NET 10.0.9 (10.0.926.27113), X64 RyuJIT AVX-512F+CD+BW+DQ+VL+VBMI
  Job-QBEOHD : .NET 10.0.9 (10.0.926.27113), X64 RyuJIT AVX-512F+CD+BW+DQ+VL+VBMI

IterationCount=1  LaunchCount=1  WarmupCount=1  

| Method                 | ItemCount | Mean     | Error | StoreQueryCalls | StoreGetCalls | RouterCalls | ProviderCalls | Gen0    | Gen1   | Allocated |
|----------------------- |---------- |---------:|------:|----------------:|--------------:|------------:|--------------:|--------:|-------:|----------:|
| V2Retrieval_100Percent | 10        | 443.6 μs |    NA |               2 |             0 |           1 |             6 | 18.5547 | 0.9766 | 154.36 KB |
| V2Retrieval_100Percent | 50        | 519.0 μs |    NA |               2 |             0 |           1 |             6 | 26.3672 | 1.9531 | 220.03 KB |
| V2Retrieval_100Percent | 200       | 899.7 μs |    NA |               2 |             0 |           1 |             6 | 54.6875 | 3.9063 | 448.79 KB |
// * Config Issues *

// * Warnings *
Configuration
  Summary -> The exporter JsonExporter-full is already present in configuration. There may be unexpected results.
  Summary -> The exporter MarkdownExporter-github is already present in configuration. There may be unexpected results.
  Summary -> The exporter CsvExporter is already present in configuration. There may be unexpected results.

// * Legends *
  ItemCount       : Value of the 'ItemCount' parameter
  Mean            : Arithmetic mean of all measurements
  Error           : Half of 99.9% confidence interval
  StoreQueryCalls : StoreQueryCalls（每次 op 的调用次数）
  StoreGetCalls   : StoreGetCalls（每次 op 的调用次数）
  RouterCalls     : RouterCalls（每次 op 的调用次数）
  ProviderCalls   : ProviderCalls（每次 op 的调用次数）
  Gen0            : GC Generation 0 collects per 1000 operations
  Gen1            : GC Generation 1 collects per 1000 operations
  Allocated       : Allocated memory per single operation (managed only, inclusive, 1KB = 1024B)
  1 μs            : 1 Microsecond (0.000001 sec)

// * Diagnostic Output - MemoryDiagnoser *


// ***** BenchmarkRunner: End *****
Run time: 00:00:10 (10.36 sec), executed benchmarks: 3

Global total time: 00:00:30 (30.88 sec), executed benchmarks: 3
// * Artifacts cleanup *
Artifacts cleanup is finished
